// Jest Snapshot v1, https://goo.gl/fbAQLP

exports[`renders correctly 1`] = `
<div>
  <h2>
    Building the demo application update Artifact
  </h2>
  <p>
    If you have been following the tutorial tooltips to deploy your first application update, the third step is to build and deploy your own Artifact to your device.
  </p>
  <h3>
    Download demo application
  </h3>
  <p>
    For the demo tutorial, we provided you with a demo artifact that runs a simple web server on your device, serving a page that you can open in your web browser. You can use that demo application to learn how to build a new Artifact yourself.
  </p>
  <p>
    1.
     
    <a
      href="https://d1b0l86ne08fsf.cloudfront.net/mender-artifact/master/linux/mender-artifact"
      target="_blank"
    >
      Download the mender-artifact tool here
    </a>
    , extract it then make it executable by running:
  </p>
  <div>
    <div
      className="code"
    >
      <button
        className="MuiButtonBase-root MuiIconButton-root"
        disabled={false}
        onBlur={[Function]}
        onClick={[Function]}
        onDragLeave={[Function]}
        onFocus={[Function]}
        onKeyDown={[Function]}
        onKeyUp={[Function]}
        onMouseDown={[Function]}
        onMouseLeave={[Function]}
        onMouseUp={[Function]}
        onTouchEnd={[Function]}
        onTouchMove={[Function]}
        onTouchStart={[Function]}
        style={
          Object {
            "float": "right",
            "margin": "-20px 0 0 10px",
          }
        }
        tabIndex={0}
        type="button"
      >
        <span
          className="MuiIconButton-label"
        >
          <svg
            aria-hidden="true"
            className="MuiSvgIcon-root"
            focusable="false"
            role="presentation"
            viewBox="0 0 24 24"
          >
            <path
              d="M16 1H4c-1.1 0-2 .9-2 2v14h2V3h12V1zm-1 4l6 6v10c0 1.1-.9 2-2 2H7.99C6.89 23 6 22.1 6 21l.01-14c0-1.1.89-2 1.99-2h7zm-1 7h5.5L14 6.5V12z"
            />
          </svg>
        </span>
      </button>
      <span
        style={
          Object {
            "wordBreak": "break-word",
          }
        }
      >
        sudo chmod +x mender-artifact
      </span>
    </div>
    <p />
  </div>
  <p>
    2. Copy and paste the following to download 
    <span
      className="code"
    >
      single-file-artifact-gen
    </span>
     and make it executable:
  </p>
  <div>
    <div
      className="code"
    >
      <button
        className="MuiButtonBase-root MuiIconButton-root"
        disabled={false}
        onBlur={[Function]}
        onClick={[Function]}
        onDragLeave={[Function]}
        onFocus={[Function]}
        onKeyDown={[Function]}
        onKeyUp={[Function]}
        onMouseDown={[Function]}
        onMouseLeave={[Function]}
        onMouseUp={[Function]}
        onTouchEnd={[Function]}
        onTouchMove={[Function]}
        onTouchStart={[Function]}
        style={
          Object {
            "float": "right",
            "margin": "-20px 0 0 10px",
          }
        }
        tabIndex={0}
        type="button"
      >
        <span
          className="MuiIconButton-label"
        >
          <svg
            aria-hidden="true"
            className="MuiSvgIcon-root"
            focusable="false"
            role="presentation"
            viewBox="0 0 24 24"
          >
            <path
              d="M16 1H4c-1.1 0-2 .9-2 2v14h2V3h12V1zm-1 4l6 6v10c0 1.1-.9 2-2 2H7.99C6.89 23 6 22.1 6 21l.01-14c0-1.1.89-2 1.99-2h7zm-1 7h5.5L14 6.5V12z"
            />
          </svg>
        </span>
      </button>
      <span
        style={
          Object {
            "wordBreak": "break-word",
          }
        }
      >
        
wget https://raw.githubusercontent.com/mendersoftware/mender/master/support/modules-artifact-gen/single-file-artifact-gen
sudo chmod +x single-file-artifact-gen
      </span>
    </div>
    <p />
  </div>
  <p>
    3. And 
    <a
      href="https://dgsbl4vditpls.cloudfront.net/mender-demo-artifact.mender"
    >
      download the demo application
    </a>
    .
  </p>
  <h3>
    Edit the contents
  </h3>
  <p>
    4. Take the 
    <span
      className="code"
    >
      mender-demo-artifact
    </span>
     Artifact you just downloaded, and extract its contents and enclosed
     
    <span
      className="code"
    >
      .tar
    </span>
     files until you can see the 
    <i>
      index.html
    </i>
     file within.
  </p>
  <p>
    5. Replace the contents of 
    <i>
      index.html
    </i>
     with a simple string ("Hello world"), so you will be able to easily see the change when the webpage content is updated. This can be done by using:
  </p>
  <div>
    <div
      className="code"
    >
      <button
        className="MuiButtonBase-root MuiIconButton-root"
        disabled={false}
        onBlur={[Function]}
        onClick={[Function]}
        onDragLeave={[Function]}
        onFocus={[Function]}
        onKeyDown={[Function]}
        onKeyUp={[Function]}
        onMouseDown={[Function]}
        onMouseLeave={[Function]}
        onMouseUp={[Function]}
        onTouchEnd={[Function]}
        onTouchMove={[Function]}
        onTouchStart={[Function]}
        style={
          Object {
            "float": "right",
            "margin": "-20px 0 0 10px",
          }
        }
        tabIndex={0}
        type="button"
      >
        <span
          className="MuiIconButton-label"
        >
          <svg
            aria-hidden="true"
            className="MuiSvgIcon-root"
            focusable="false"
            role="presentation"
            viewBox="0 0 24 24"
          >
            <path
              d="M16 1H4c-1.1 0-2 .9-2 2v14h2V3h12V1zm-1 4l6 6v10c0 1.1-.9 2-2 2H7.99C6.89 23 6 22.1 6 21l.01-14c0-1.1.89-2 1.99-2h7zm-1 7h5.5L14 6.5V12z"
            />
          </svg>
        </span>
      </button>
      <span
        style={
          Object {
            "wordBreak": "break-word",
          }
        }
      >
        cat &gt;index.html &lt;&lt;EOF
Hello World!
EOF

      </span>
    </div>
    <p />
  </div>
  <p>
    6. Now, you can create a new version of the demo webserver application with this modified 
    <i>
      index.html
    </i>
     file. Generate a new Artifact by copying & pasting the following snippet.
  </p>
  <p>
    NOTE: You should replace the 
    <span
      className="code"
    >
      generic_x86
    </span>
     device type with the type you require.
  </p>
  <div>
    <div
      className="code"
    >
      <button
        className="MuiButtonBase-root MuiIconButton-root"
        disabled={false}
        onBlur={[Function]}
        onClick={[Function]}
        onDragLeave={[Function]}
        onFocus={[Function]}
        onKeyDown={[Function]}
        onKeyUp={[Function]}
        onMouseDown={[Function]}
        onMouseLeave={[Function]}
        onMouseUp={[Function]}
        onTouchEnd={[Function]}
        onTouchMove={[Function]}
        onTouchStart={[Function]}
        style={
          Object {
            "float": "right",
            "margin": "-20px 0 0 10px",
          }
        }
        tabIndex={0}
        type="button"
      >
        <span
          className="MuiIconButton-label"
        >
          <svg
            aria-hidden="true"
            className="MuiSvgIcon-root"
            focusable="false"
            role="presentation"
            viewBox="0 0 24 24"
          >
            <path
              d="M16 1H4c-1.1 0-2 .9-2 2v14h2V3h12V1zm-1 4l6 6v10c0 1.1-.9 2-2 2H7.99C6.89 23 6 22.1 6 21l.01-14c0-1.1.89-2 1.99-2h7zm-1 7h5.5L14 6.5V12z"
            />
          </svg>
        </span>
      </button>
      <span
        style={
          Object {
            "wordBreak": "break-word",
          }
        }
      >
        
ARTIFACT_NAME="demo-webserver-updated"; DEVICE_TYPE="generic_x86"; OUTPUT_PATH="demo-webserver-updated.mender"; DEST_DIR="/var/www/localhost/htdocs/"; FILE_NAME="index.html"; ./single-file-artifact-gen -n \${ARTIFACT_NAME} -t \${DEVICE_TYPE} -d \${DEST_DIR} -o \${OUTPUT_PATH} \${FILE_NAME}

      </span>
    </div>
    <p />
  </div>
  <p>
    You should now have a new Artifact file called 
    <span
      className="code"
    >
      demo-webserver-updated.mender
    </span>
    !
  </p>
  <p>
    If you upload this Artifact to the Mender server, it will create a new Release. You can then deploy this new Release of the webserver demo to your device, and when it has updated successfully you should see the page content will have been replaced with the "Hello world" string you modified.
  </p>
</div>
`;
