// Jest Snapshot v1, https://goo.gl/fbAQLP

exports[`renders correctly 1`] = `"<div class=\\"onboard widget\\"><div><p class=\\"muted\\"></p></div><a class=\\"MuiButtonBase-root MuiButton-root MuiButton-text\\" tabindex=\\"0\\" role=\\"button\\" aria-disabled=\\"false\\" href=\\"/testlocation\\"><span class=\\"MuiButton-label\\"><div></div></span><span class=\\"MuiTouchRipple-root\\"></span></a></div>"`;
