// Jest Snapshot v1, https://goo.gl/fbAQLP

exports[`renders correctly 1`] = `"<div role=\\"presentation\\" class=\\"MuiDialog-root\\" style=\\"position: fixed; z-index: 1300; right: 0px; bottom: 0px; top: 0px; left: 0px;\\"><div class=\\"MuiBackdrop-root\\" aria-hidden=\\"true\\" style=\\"opacity: 1; webkit-transition: opacity 225ms cubic-bezier(0.4, 0, 0.2, 1) 0ms; transition: opacity 225ms cubic-bezier(0.4, 0, 0.2, 1) 0ms;\\"></div><div tabindex=\\"0\\" data-test=\\"sentinelStart\\"></div><div class=\\"MuiDialog-container MuiDialog-scrollPaper\\" style=\\"opacity: 1; webkit-transition: opacity 225ms cubic-bezier(0.4, 0, 0.2, 1) 0ms; transition: opacity 225ms cubic-bezier(0.4, 0, 0.2, 1) 0ms;\\" role=\\"document\\" tabindex=\\"-1\\"><div class=\\"MuiPaper-root MuiPaper-elevation24 MuiDialog-paper MuiDialog-paperScrollPaper MuiDialog-paperWidthSm MuiPaper-rounded\\" role=\\"dialog\\"><div class=\\"MuiDialogTitle-root\\"><h2 class=\\"MuiTypography-root MuiTypography-h6\\">Dismiss the Getting Started help?</h2></div><div class=\\"MuiDialogContent-root\\"><p>Hide the help tips? You haven't finished your first update yet.</p><p>You can always show the help again later by selecting the option from the top menu:</p><div class=\\"flexbox centered\\"><img src=\\"assets/img/helptooltips.png\\"></div></div><div class=\\"MuiDialogActions-root MuiDialogActions-spacing\\"><button class=\\"MuiButtonBase-root MuiButton-root MuiButton-text\\" tabindex=\\"0\\" type=\\"button\\"><span class=\\"MuiButton-label\\">Cancel</span><span class=\\"MuiTouchRipple-root\\"></span></button><div style=\\"flex-grow: 1;\\"></div><button class=\\"MuiButtonBase-root MuiButton-root MuiButton-contained MuiButton-containedSecondary\\" tabindex=\\"0\\" type=\\"button\\"><span class=\\"MuiButton-label\\">Yes, hide the help</span><span class=\\"MuiTouchRipple-root\\"></span></button></div></div></div><div tabindex=\\"0\\" data-test=\\"sentinelEnd\\"></div></div>"`;
