// Jest Snapshot v1, https://goo.gl/fbAQLP

exports[`renders correctly 1`] = `
<div
  className="margin-top-small"
  style={
    Object {
      "maxWidth": "750px",
    }
  }
>
  <h2
    style={
      Object {
        "marginTop": "15px",
      }
    }
  >
    My account
  </h2>
  <form
    className="flexbox space-between"
  >
    <div
      className="MuiFormControl-root"
    >
      <label
        className="MuiFormLabel-root MuiInputLabel-root MuiInputLabel-formControl MuiInputLabel-animated"
        data-shrink={false}
        htmlFor="email"
      >
        Email
      </label>
      <div
        className="MuiInputBase-root MuiInput-root MuiInput-underline MuiInputBase-formControl MuiInput-formControl"
        onClick={[Function]}
        onKeyPress={[Function]}
        style={
          Object {
            "maxWidth": "100%",
            "width": "400px",
          }
        }
      >
        <input
          aria-invalid={false}
          className="MuiInputBase-input MuiInput-input"
          disabled={false}
          id="email"
          name="email"
          onBlur={[Function]}
          onChange={[Function]}
          onFocus={[Function]}
          placeholder="Email"
          required={false}
          type="text"
        />
      </div>
      <p
        className="MuiFormHelperText-root"
        id="component-error-text"
      />
    </div>
  </form>
  <form
    className="margin-top flexbox space-between"
  >
    <button
      className="MuiButtonBase-root MuiButton-root button-holder undefined MuiButton-text MuiButton-textPrimary"
      disabled={false}
      id="change_pass"
      onBlur={[Function]}
      onClick={[Function]}
      onDragLeave={[Function]}
      onFocus={[Function]}
      onKeyDown={[Function]}
      onKeyUp={[Function]}
      onMouseDown={[Function]}
      onMouseLeave={[Function]}
      onMouseUp={[Function]}
      onTouchEnd={[Function]}
      onTouchMove={[Function]}
      onTouchStart={[Function]}
      tabIndex={0}
      type="button"
    >
      <span
        className="MuiButton-label"
      >
        Change password
      </span>
    </button>
  </form>
</div>
`;
