// Jest Snapshot v1, https://goo.gl/fbAQLP

exports[`renders correctly 1`] = `
<div
  className="margin-top-small"
  style={
    Object {
      "maxWidth": "750px",
    }
  }
>
  <div>
    <h2
      style={
        Object {
          "marginTop": "15px",
        }
      }
    >
      Global settings
    </h2>
    <p
      className="info"
      style={
        Object {
          "marginBottom": "30px",
        }
      }
    >
      <svg
        aria-hidden="true"
        className="MuiSvgIcon-root MuiSvgIcon-fontSizeSmall"
        focusable="false"
        role="presentation"
        style={
          Object {
            "margin": "0 6px 4px 0",
            "verticalAlign": "middle",
          }
        }
        viewBox="0 0 24 24"
      >
        <path
          d="M11 7h2v2h-2zm0 4h2v6h-2zm1-9C6.48 2 2 6.48 2 12s4.48 10 10 10 10-4.48 10-10S17.52 2 12 2zm0 18c-4.41 0-8-3.59-8-8s3.59-8 8-8 8 3.59 8 8-3.59 8-8 8z"
        />
      </svg>
      These settings apply to all users, so changes made here may affect other users' experience.
    </p>
  </div>
  <form
    className=""
  >
    <div
      className="MuiFormControl-root"
    >
      <label
        className="MuiFormLabel-root MuiInputLabel-root MuiInputLabel-formControl MuiInputLabel-animated MuiInputLabel-shrink MuiFormLabel-filled"
        data-shrink={true}
        htmlFor="simple-select"
      >
        Device identity attribute
      </label>
      <div
        className="MuiInputBase-root MuiInput-root MuiInput-underline MuiInputBase-formControl MuiInput-formControl"
        onClick={[Function]}
        style={
          Object {
            "width": "400px",
          }
        }
      >
        <div
          aria-haspopup="listbox"
          className="MuiSelect-root MuiSelect-select MuiSelect-selectMenu MuiInputBase-input MuiInput-input MuiInputBase-inputSelect"
          id="select-selector"
          onBlur={[Function]}
          onClick={[Function]}
          onFocus={[Function]}
          onKeyDown={[Function]}
          role="button"
          tabIndex={0}
        >
          Device ID
        </div>
        <input
          id="simple-select"
          name="selector"
          type="hidden"
          value="Device ID"
        />
        <svg
          aria-hidden="true"
          className="MuiSvgIcon-root MuiSelect-icon"
          focusable="false"
          role="presentation"
          viewBox="0 0 24 24"
        >
          <path
            d="M7 10l5 5 5-5z"
          />
        </svg>
      </div>
      <p
        className="MuiFormHelperText-root info MuiFormHelperText-filled"
        style={
          Object {
            "width": "500px",
          }
        }
      >
        <div>
          <p>
            Choose a device identity attribute to use to identify your devices throughout the UI.
          </p>
          <p>
            <a
              href="https://docs.mender.io/client-configuration/identity"
              target="_blank"
            >
              Learn how to add custom identity attributes
            </a>
             
            to your devices.
          </p>
        </div>
      </p>
    </div>
  </form>
  <div
    className="margin-top-large"
  >
    <div
      className="float-right"
    >
      <button
        className="MuiButtonBase-root MuiButton-root MuiButton-text Mui-disabled Mui-disabled"
        disabled={true}
        onBlur={[Function]}
        onClick={[Function]}
        onDragLeave={[Function]}
        onFocus={[Function]}
        onKeyDown={[Function]}
        onKeyUp={[Function]}
        onMouseDown={[Function]}
        onMouseLeave={[Function]}
        onMouseUp={[Function]}
        onTouchEnd={[Function]}
        onTouchMove={[Function]}
        onTouchStart={[Function]}
        style={
          Object {
            "marginRight": "10px",
          }
        }
        tabIndex={-1}
        type="button"
      >
        <span
          className="MuiButton-label"
        >
          Cancel
        </span>
      </button>
      <button
        className="MuiButtonBase-root MuiButton-root MuiButton-contained MuiButton-containedPrimary Mui-disabled Mui-disabled"
        disabled={true}
        onBlur={[Function]}
        onClick={[Function]}
        onDragLeave={[Function]}
        onFocus={[Function]}
        onKeyDown={[Function]}
        onKeyUp={[Function]}
        onMouseDown={[Function]}
        onMouseLeave={[Function]}
        onMouseUp={[Function]}
        onTouchEnd={[Function]}
        onTouchMove={[Function]}
        onTouchStart={[Function]}
        tabIndex={-1}
        type="button"
      >
        <span
          className="MuiButton-label"
        >
          Save
        </span>
      </button>
    </div>
  </div>
</div>
`;
