// Jest Snapshot v1, https://goo.gl/fbAQLP

exports[`renders correctly 1`] = `
<ul
  className="MuiList-root leftFixed MuiList-padding"
>
  <li
    className="MuiListSubheader-root MuiListSubheader-gutters"
  >
    Help topics
  </li>
</ul>
`;
