// Jest Snapshot v1, https://goo.gl/fbAQLP

exports[`renders correctly 1`] = `
<div
  className="fadeIn margin-top-large"
>
  <div
    className="MuiGrid-root datepicker-container MuiGrid-container MuiGrid-spacing-xs-2"
    style={
      Object {
        "paddingTop": "4px",
      }
    }
  >
    <div
      className="MuiGrid-root MuiGrid-item"
    >
      <span>
        Filter by date
      </span>
      <ul
        className="unstyled link-list horizontal"
      >
        <li>
          <a
            className="active"
            onClick={[Function]}
          >
            Today
          </a>
        </li>
        <li>
          <a
            className=""
            onClick={[Function]}
          >
            Yesterday
          </a>
        </li>
        <li>
          <a
            className=""
            onClick={[Function]}
          >
            Last 7 days
          </a>
        </li>
        <li>
          <a
            className=""
            onClick={[Function]}
          >
            Last 30 days
          </a>
        </li>
      </ul>
    </div>
    <div
      className="MuiGrid-root MuiGrid-item"
    >
      <div
        className="MuiFormControl-root MuiTextField-root margin-right"
        format="MMMM Do"
        onClick={[Function]}
        onKeyDown={[Function]}
        style={
          Object {
            "marginTop": 0,
            "width": "160px",
          }
        }
      >
        <label
          className="MuiFormLabel-root MuiInputLabel-root MuiInputLabel-formControl MuiInputLabel-animated MuiInputLabel-shrink MuiFormLabel-filled"
          data-shrink={true}
        >
          From
        </label>
        <div
          className="MuiInputBase-root MuiInput-root MuiInput-underline MuiInputBase-formControl MuiInput-formControl"
          onClick={[Function]}
        >
          <input
            aria-invalid={false}
            className="MuiInputBase-input MuiInput-input"
            disabled={false}
            onBlur={[Function]}
            onChange={[Function]}
            onFocus={[Function]}
            readOnly={true}
            required={false}
            type="text"
            value="January 1st"
          />
        </div>
        
      </div>
    </div>
    <div
      className="MuiGrid-root MuiGrid-item"
    >
      <div
        className="MuiFormControl-root MuiTextField-root margin-right"
        format="MMMM Do"
        onClick={[Function]}
        onKeyDown={[Function]}
        style={
          Object {
            "marginTop": 0,
            "width": "160px",
          }
        }
      >
        <label
          className="MuiFormLabel-root MuiInputLabel-root MuiInputLabel-formControl MuiInputLabel-animated MuiInputLabel-shrink MuiFormLabel-filled"
          data-shrink={true}
        >
          To
        </label>
        <div
          className="MuiInputBase-root MuiInput-root MuiInput-underline MuiInputBase-formControl MuiInput-formControl"
          onClick={[Function]}
        >
          <input
            aria-invalid={false}
            className="MuiInputBase-input MuiInput-input"
            disabled={false}
            onBlur={[Function]}
            onChange={[Function]}
            onFocus={[Function]}
            readOnly={true}
            required={false}
            type="text"
            value="January 1st"
          />
        </div>
        
      </div>
    </div>
    <div
      className="MuiGrid-root MuiGrid-item"
    >
      <div
        className="MuiFormControl-root"
        style={
          Object {
            "marginTop": 0,
          }
        }
      >
        <label
          className="MuiFormLabel-root MuiInputLabel-root MuiInputLabel-formControl MuiInputLabel-animated"
          data-shrink={false}
          htmlFor="adornment-target-select"
        >
          Filter by device group
        </label>
        <div
          className="MuiInputBase-root MuiInput-root MuiInput-underline MuiInputBase-formControl MuiInput-formControl"
          onClick={[Function]}
          style={
            Object {
              "minWidth": "250px",
            }
          }
        >
          <input
            aria-invalid={false}
            className="MuiInputBase-input MuiInput-input"
            disabled={false}
            id="adornment-target-select"
            onBlur={[Function]}
            onChange={[Function]}
            onFocus={[Function]}
            placeholder="Select a group"
            required={false}
            type="text"
            value=""
          />
        </div>
      </div>
    </div>
  </div>
  <div
    className="deploy-table-contain"
  >
    <div
      className="loaderContainer shrunk"
    >
      <div
        className="loader"
      >
        <span
          className="dot dot_1"
        />
        <span
          className="dot dot_2"
        />
        <span
          className="dot dot_3"
        />
        <span
          className="dot dot_4"
        />
      </div>
    </div>
    <div
      className="dashboard-placeholder"
    >
      <p>
        No finished deployments were found.
      </p>
      <p>
        Try a different date range, or 
        <a>
          Create a new deployment
        </a>
         to get started
      </p>
      <img
        alt="Past"
        src="assets/img/history.png"
      />
    </div>
  </div>
</div>
`;
