// Jest Snapshot v1, https://goo.gl/fbAQLP

exports[`renders correctly 1`] = `
<div
  style={
    Object {
      "height": "300px",
      "overflow": "visible",
    }
  }
>
  <p
    className="info"
    style={
      Object {
        "marginTop": "0",
      }
    }
  >
    <svg
      aria-hidden="true"
      className="MuiSvgIcon-root"
      focusable="false"
      role="presentation"
      style={
        Object {
          "color": "rgb(171, 16, 0)",
          "fontSize": "18px",
          "marginRight": "4px",
          "top": "4px",
        }
      }
      viewBox="0 0 24 24"
    >
      <path
        d="M11 15h2v2h-2zm0-8h2v6h-2zm.99-5C6.47 2 2 6.48 2 12s4.47 10 9.99 10C17.52 22 22 17.52 22 12S17.52 2 11.99 2zM12 20c-4.42 0-8-3.58-8-8s3.58-8 8-8 8 3.58 8 8-3.58 8-8 8z"
      />
    </svg>
    There are no artifacts available. 
    <a
      href="/artifacts"
      onClick={[Function]}
    >
      Upload one to the repository
    </a>
     to get started.
  </p>
</div>
`;
