// Jest Snapshot v1, https://goo.gl/fbAQLP

exports[`renders correctly 1`] = `
<div
  style={
    Object {
      "height": "200px",
    }
  }
>
  <div
    className="MuiFormControl-root"
  >
    <label
      className="MuiFormLabel-root MuiInputLabel-root MuiInputLabel-formControl MuiInputLabel-animated"
      data-shrink={false}
      htmlFor="group-name-input"
    >
      Name of new group
    </label>
    <div
      className="MuiInputBase-root MuiInput-root MuiInput-underline float-left clear MuiInputBase-formControl MuiInput-formControl"
      onClick={[Function]}
    >
      <input
        aria-invalid={false}
        className="MuiInputBase-input MuiInput-input"
        disabled={false}
        id="group-name-input"
        onBlur={[Function]}
        onChange={[Function]}
        onFocus={[Function]}
        placeholder="Name of new group"
        required={false}
        type="text"
        value=""
      />
    </div>
    <p
      className="MuiFormHelperText-root"
    />
  </div>
  <div
    className="block float-left clear"
  />
</div>
`;
