// Jest Snapshot v1, https://goo.gl/fbAQLP

exports[`renders correctly 1`] = `
<div
  className="MuiFormControl-root"
>
  <label
    className="MuiFormLabel-root MuiInputLabel-root MuiInputLabel-formControl MuiInputLabel-animated"
    data-shrink={false}
    htmlFor="simple-select"
  />
  <div
    className="MuiInputBase-root MuiInput-root MuiInput-underline MuiInputBase-formControl MuiInput-formControl"
    onClick={[Function]}
  >
    <div
      aria-haspopup="listbox"
      className="MuiSelect-root MuiSelect-select MuiSelect-selectMenu MuiInputBase-input MuiInput-input MuiInputBase-inputSelect"
      id="select-selector"
      onBlur={[Function]}
      onClick={[Function]}
      onFocus={[Function]}
      onKeyDown={[Function]}
      role="button"
      tabIndex={0}
    >
      <span
        dangerouslySetInnerHTML={
          Object {
            "__html": "&#8203;",
          }
        }
      />
    </div>
    <input
      id="simple-select"
      name="selector"
      type="hidden"
    />
    <svg
      aria-hidden="true"
      className="MuiSvgIcon-root MuiSelect-icon"
      focusable="false"
      role="presentation"
      viewBox="0 0 24 24"
    >
      <path
        d="M7 10l5 5 5-5z"
      />
    </svg>
  </div>
</div>
`;
