// Jest Snapshot v1, https://goo.gl/fbAQLP

exports[`renders correctly 1`] = `
<div
  className="MuiFormControl-root"
>
  <label
    className="MuiFormLabel-root MuiInputLabel-root MuiInputLabel-formControl MuiInputLabel-animated"
    data-shrink={false}
  />
  <div
    className="MuiInputBase-root MuiInput-root MuiInput-underline MuiInputBase-formControl MuiInput-formControl"
    onClick={[Function]}
    style={
      Object {
        "maxWidth": "100%",
        "width": "400px",
      }
    }
  >
    <input
      aria-invalid={false}
      className="MuiInputBase-input MuiInput-input"
      disabled={false}
      onBlur={[Function]}
      onChange={[Function]}
      onFocus={[Function]}
      required={false}
      type="text"
    />
  </div>
  <p
    className="MuiFormHelperText-root"
    id="component-error-text"
  />
</div>
`;
