// Jest Snapshot v1, https://goo.gl/fbAQLP

exports[`App Component renders correctly 1`] = `
<body>
  <div>
    <div
      class="MuiToolbar-root MuiToolbar-regular header MuiToolbar-gutters"
      id="fixedHeader"
      style="background-color: rgb(255, 255, 255); min-height: unset; padding-left: 32px; padding-right: 40px;"
    >
      <div
        class="flexbox"
      >
        <a
          href="/"
        >
          <img
            id="logo"
            src="headerlogo.png"
          />
        </a>
        <div
          style="flex-grow: 1;"
        />
        <div>
          <div
            currentitem="false"
            data-for="limit-tip"
            data-offset="{'bottom': 0, 'right': 0}"
            data-tip="true"
            data-tip-disable="false"
            id="limit"
          >
            <div
              class="__react_component_tooltip place-bottom type-dark"
              data-id="tooltip"
              id="limit-tip"
            >
              <h3>
                Device limit
              </h3>
              <p>
                You can still connect another 
                498
                 
                devices
                .
              </p>
              <p>
                If you need a higher device limit, you can contact us by email at 
                <a
                  href="mailto:support@mender.io"
                >
                  support@mender.io
                </a>
                 to change your plan.
              </p>
              <p>
                Learn about the different plans available by visiting
                 
                <a
                  href="https://mender.io/pricing"
                  rel="noopener noreferrer"
                  target="_blank"
                >
                  mender.io/pricing
                </a>
              </p>
            </div>
            <div
              class="header-section"
            >
              <a
                class="inline"
                href="/devices"
              >
                <span>
                  2
                </span>
                <span>
                  /
                  500
                </span>
                <svg
                  aria-hidden="true"
                  class="MuiSvgIcon-root"
                  focusable="false"
                  style="margin: 0px 7px 0px 10px; font-size: 20px;"
                  viewBox="0 0 24 24"
                >
                  <path
                    d="M22 9V7h-2V5c0-1.1-.9-2-2-2H4c-1.1 0-2 .9-2 2v14c0 1.1.9 2 2 2h14c1.1 0 2-.9 2-2v-2h2v-2h-2v-2h2v-2h-2V9h2zm-4 10H4V5h14v14zM6 13h5v4H6zm6-6h4v3h-4zM6 7h5v5H6zm6 4h4v6h-4z"
                  />
                </svg>
              </a>
              <a
                href="/devices/pending"
                style="margin-left: 7px;"
              >
                1
                 pending
              </a>
            </div>
          </div>
        </div>
        <a
          class="header-section"
          href="/deployments/"
        >
          <span>
            0
          </span>
          <svg
            aria-hidden="true"
            class="MuiSvgIcon-root flip-horizontal"
            focusable="false"
            style="color: rgb(199, 199, 199); margin: 0px 7px 0px 10px; top: 5px; font-size: 20px;"
            viewBox="0 0 24 24"
          >
            <path
              d="M17.65 6.35C16.2 4.9 14.21 4 12 4c-4.42 0-7.99 3.58-7.99 8s3.57 8 7.99 8c3.73 0 6.84-2.55 7.73-6h-2.08c-.82 2.33-3.04 4-5.65 4-3.31 0-6-2.69-6-6s2.69-6 6-6c1.66 0 3.14.69 4.22 1.78L13 11h7V4l-2.35 2.35z"
            />
          </svg>
        </a>
        <button
          class="MuiButtonBase-root MuiButton-root MuiButton-text header-dropdown"
          style="font-size: 14px; fill: rgb(0, 0, 0); text-transform: none;"
          tabindex="0"
          type="button"
        >
          <span
            class="MuiButton-label"
          >
            <svg
              aria-hidden="true"
              class="MuiSvgIcon-root"
              focusable="false"
              style="margin-right: 8px; top: 5px; font-size: 20px; color: rgb(199, 199, 199);"
              viewBox="0 0 24 24"
            >
              <path
                d="M12 2C6.48 2 2 6.48 2 12s4.48 10 10 10 10-4.48 10-10S17.52 2 12 2zm0 3c1.66 0 3 1.34 3 3s-1.34 3-3 3-3-1.34-3-3 1.34-3 3-3zm0 14.2c-2.5 0-4.71-1.28-6-3.22.03-1.99 4-3.08 6-3.08 1.99 0 5.97 1.09 6 3.08-1.29 1.94-3.5 3.22-6 3.22z"
              />
            </svg>
            
            <svg
              aria-hidden="true"
              class="MuiSvgIcon-root"
              focusable="false"
              viewBox="0 0 24 24"
            >
              <path
                d="M7 10l5 5 5-5z"
              />
            </svg>
          </span>
          <span
            class="MuiTouchRipple-root"
          />
        </button>
      </div>
    </div>
    <div
      class="leftFixed leftNav"
    >
      <ul
        class="MuiList-root MuiList-padding"
        style="padding: 0px;"
      >
        <a
          aria-current="page"
          class="MuiListItem-root navLink leftNav MuiListItem-gutters active"
          href="/"
          style="padding: 22px 16px 22px 42px;"
        >
          <div
            class="MuiListItemText-root"
            style="text-transform: uppercase;"
          >
            <span
              class="MuiTypography-root MuiListItemText-primary MuiTypography-body1 MuiTypography-displayBlock"
            >
              Dashboard
            </span>
          </div>
        </a>
        <a
          class="MuiListItem-root navLink leftNav MuiListItem-gutters"
          href="/devices"
          style="padding: 22px 16px 22px 42px;"
        >
          <div
            class="MuiListItemText-root"
            style="text-transform: uppercase;"
          >
            <span
              class="MuiTypography-root MuiListItemText-primary MuiTypography-body1 MuiTypography-displayBlock"
            >
              Devices
            </span>
          </div>
        </a>
        <a
          class="MuiListItem-root navLink leftNav MuiListItem-gutters"
          href="/releases"
          style="padding: 22px 16px 22px 42px;"
        >
          <div
            class="MuiListItemText-root"
            style="text-transform: uppercase;"
          >
            <span
              class="MuiTypography-root MuiListItemText-primary MuiTypography-body1 MuiTypography-displayBlock"
            >
              Releases
            </span>
          </div>
        </a>
        <a
          class="MuiListItem-root navLink leftNav MuiListItem-gutters"
          href="/deployments"
          style="padding: 22px 16px 22px 42px;"
        >
          <div
            class="MuiListItemText-root"
            style="text-transform: uppercase;"
          >
            <span
              class="MuiTypography-root MuiListItemText-primary MuiTypography-body1 MuiTypography-displayBlock"
            >
              Deployments
            </span>
          </div>
        </a>
      </ul>
      <ul
        class="MuiList-root MuiList-padding"
        style="padding: 0px; position: absolute; bottom: 30px; left: 0px; right: 0px;"
      >
        <a
          class="MuiListItem-root navLink leftNav MuiListItem-gutters"
          href="/help"
          style="padding: 16px 16px 16px 42px;"
        >
          <div
            class="MuiListItemText-root"
          >
            <span
              class="MuiTypography-root MuiListItemText-primary MuiTypography-body1 MuiTypography-displayBlock"
            >
              Help
            </span>
          </div>
        </a>
        <li
          class="MuiListItem-root MuiListItem-gutters Mui-disabled"
          disabled=""
          style="padding: 16px 16px 16px 42px; color: rgb(148, 148, 149);"
        >
          <div
            class="MuiListItemText-root MuiListItemText-multiline"
          >
            <span
              class="MuiTypography-root MuiListItemText-primary MuiTypography-body1 MuiTypography-displayBlock"
            >
              <div
                class=""
              />
            </span>
            <p
              class="MuiTypography-root MuiListItemText-secondary MuiTypography-body2 MuiTypography-colorTextSecondary MuiTypography-displayBlock"
            >
              <a
                href="https://docs.mender.io/development/release-information/open-source-licenses"
                rel="noopener noreferrer"
                style="font-size: 13px; position: relative; top: 6px; color: rgb(52, 122, 135);"
                target="_blank"
              >
                License information
              </a>
            </p>
          </div>
        </li>
      </ul>
    </div>
    <div
      class="rightFluid container"
    >
      <div
        class="flexbox centered"
        style="height: 75%;"
      >
        <div
          class="loaderContainer"
        >
          <div
            class="loader"
          >
            <span
              class="dot dot_1"
            />
            <span
              class="dot dot_2"
            />
            <span
              class="dot dot_3"
            />
            <span
              class="dot dot_4"
            />
          </div>
        </div>
      </div>
    </div>
  </div>
  <script
    src="https://cdn.jsdelivr.net/npm/cookieconsent@3/build/cookieconsent.min.js"
  />
</body>
`;
